Archive member included to satisfy reference by file (symbol)

/home/michal/Ac6/SystemWorkbench/plugins/fr.ac6.mcu.externaltools.arm-none.linux64_1.17.0.201812190825/tools/compiler/bin/../lib/gcc/arm-none-eabi/7.3.1/../../../../arm-none-eabi/lib/thumb/v7e-m/fpv4-sp/hard/libc.a(lib_a-exit.o)
                              /home/michal/Ac6/SystemWorkbench/plugins/fr.ac6.mcu.externaltools.arm-none.linux64_1.17.0.201812190825/tools/compiler/bin/../lib/gcc/arm-none-eabi/7.3.1/../../../../arm-none-eabi/lib/thumb/v7e-m/fpv4-sp/hard/crt0.o (exit)
/home/michal/Ac6/SystemWorkbench/plugins/fr.ac6.mcu.externaltools.arm-none.linux64_1.17.0.201812190825/tools/compiler/bin/../lib/gcc/arm-none-eabi/7.3.1/../../../../arm-none-eabi/lib/thumb/v7e-m/fpv4-sp/hard/libc.a(lib_a-impure.o)
                              /home/michal/Ac6/SystemWorkbench/plugins/fr.ac6.mcu.externaltools.arm-none.linux64_1.17.0.201812190825/tools/compiler/bin/../lib/gcc/arm-none-eabi/7.3.1/../../../../arm-none-eabi/lib/thumb/v7e-m/fpv4-sp/hard/libc.a(lib_a-exit.o) (_global_impure_ptr)
/home/michal/Ac6/SystemWorkbench/plugins/fr.ac6.mcu.externaltools.arm-none.linux64_1.17.0.201812190825/tools/compiler/bin/../lib/gcc/arm-none-eabi/7.3.1/../../../../arm-none-eabi/lib/thumb/v7e-m/fpv4-sp/hard/libc.a(lib_a-init.o)
                              /home/michal/Ac6/SystemWorkbench/plugins/fr.ac6.mcu.externaltools.arm-none.linux64_1.17.0.201812190825/tools/compiler/bin/../lib/gcc/arm-none-eabi/7.3.1/../../../../arm-none-eabi/lib/thumb/v7e-m/fpv4-sp/hard/crt0.o (__libc_init_array)
/home/michal/Ac6/SystemWorkbench/plugins/fr.ac6.mcu.externaltools.arm-none.linux64_1.17.0.201812190825/tools/compiler/bin/../lib/gcc/arm-none-eabi/7.3.1/../../../../arm-none-eabi/lib/thumb/v7e-m/fpv4-sp/hard/libc.a(lib_a-memcpy.o)
                              FreeRTOS/Source/queue.o (memcpy)
/home/michal/Ac6/SystemWorkbench/plugins/fr.ac6.mcu.externaltools.arm-none.linux64_1.17.0.201812190825/tools/compiler/bin/../lib/gcc/arm-none-eabi/7.3.1/../../../../arm-none-eabi/lib/thumb/v7e-m/fpv4-sp/hard/libc.a(lib_a-memset.o)
                              /home/michal/Ac6/SystemWorkbench/plugins/fr.ac6.mcu.externaltools.arm-none.linux64_1.17.0.201812190825/tools/compiler/bin/../lib/gcc/arm-none-eabi/7.3.1/../../../../arm-none-eabi/lib/thumb/v7e-m/fpv4-sp/hard/crt0.o (memset)
/home/michal/Ac6/SystemWorkbench/plugins/fr.ac6.mcu.externaltools.arm-none.linux64_1.17.0.201812190825/tools/compiler/bin/../lib/gcc/arm-none-eabi/7.3.1/../../../../arm-none-eabi/lib/thumb/v7e-m/fpv4-sp/hard/libc.a(lib_a-__call_atexit.o)
                              /home/michal/Ac6/SystemWorkbench/plugins/fr.ac6.mcu.externaltools.arm-none.linux64_1.17.0.201812190825/tools/compiler/bin/../lib/gcc/arm-none-eabi/7.3.1/../../../../arm-none-eabi/lib/thumb/v7e-m/fpv4-sp/hard/libc.a(lib_a-exit.o) (__call_exitprocs)
/home/michal/Ac6/SystemWorkbench/plugins/fr.ac6.mcu.externaltools.arm-none.linux64_1.17.0.201812190825/tools/compiler/bin/../lib/gcc/arm-none-eabi/7.3.1/../../../../arm-none-eabi/lib/thumb/v7e-m/fpv4-sp/hard/libc.a(lib_a-atexit.o)
                              /home/michal/Ac6/SystemWorkbench/plugins/fr.ac6.mcu.externaltools.arm-none.linux64_1.17.0.201812190825/tools/compiler/bin/../lib/gcc/arm-none-eabi/7.3.1/../../../../arm-none-eabi/lib/thumb/v7e-m/fpv4-sp/hard/libc.a(lib_a-__call_atexit.o) (atexit)
/home/michal/Ac6/SystemWorkbench/plugins/fr.ac6.mcu.externaltools.arm-none.linux64_1.17.0.201812190825/tools/compiler/bin/../lib/gcc/arm-none-eabi/7.3.1/../../../../arm-none-eabi/lib/thumb/v7e-m/fpv4-sp/hard/libc.a(lib_a-fini.o)
                              /home/michal/Ac6/SystemWorkbench/plugins/fr.ac6.mcu.externaltools.arm-none.linux64_1.17.0.201812190825/tools/compiler/bin/../lib/gcc/arm-none-eabi/7.3.1/../../../../arm-none-eabi/lib/thumb/v7e-m/fpv4-sp/hard/libc.a(lib_a-__call_atexit.o) (__libc_fini_array)
/home/michal/Ac6/SystemWorkbench/plugins/fr.ac6.mcu.externaltools.arm-none.linux64_1.17.0.201812190825/tools/compiler/bin/../lib/gcc/arm-none-eabi/7.3.1/../../../../arm-none-eabi/lib/thumb/v7e-m/fpv4-sp/hard/libc.a(lib_a-lock.o)
                              /home/michal/Ac6/SystemWorkbench/plugins/fr.ac6.mcu.externaltools.arm-none.linux64_1.17.0.201812190825/tools/compiler/bin/../lib/gcc/arm-none-eabi/7.3.1/../../../../arm-none-eabi/lib/thumb/v7e-m/fpv4-sp/hard/libc.a(lib_a-__call_atexit.o) (__retarget_lock_acquire_recursive)
/home/michal/Ac6/SystemWorkbench/plugins/fr.ac6.mcu.externaltools.arm-none.linux64_1.17.0.201812190825/tools/compiler/bin/../lib/gcc/arm-none-eabi/7.3.1/../../../../arm-none-eabi/lib/thumb/v7e-m/fpv4-sp/hard/libc.a(lib_a-__atexit.o)
                              /home/michal/Ac6/SystemWorkbench/plugins/fr.ac6.mcu.externaltools.arm-none.linux64_1.17.0.201812190825/tools/compiler/bin/../lib/gcc/arm-none-eabi/7.3.1/../../../../arm-none-eabi/lib/thumb/v7e-m/fpv4-sp/hard/libc.a(lib_a-atexit.o) (__register_exitproc)

Allocating common symbols
Common symbol       size              file

[...]
Memory Configuration

Name             Origin             Length             Attributes
RAM              0x0000000020000000 0x0000000000020000 xrw
ROM              0x0000000008000000 0x0000000000100000 xr
*default*        0x0000000000000000 0xffffffffffffffff

Linker script and memory map

LOAD /home/michal/Ac6/SystemWorkbench/plugins/fr.ac6.mcu.externaltools.arm-none.linux64_1.17.0.201812190825/tools/compiler/bin/../lib/gcc/arm-none-eabi/7.3.1/thumb/v7e-m/fpv4-sp/hard/crti.o
LOAD /home/michal/Ac6/SystemWorkbench/plugins/fr.ac6.mcu.externaltools.arm-none.linux64_1.17.0.201812190825/tools/compiler/bin/../lib/gcc/arm-none-eabi/7.3.1/thumb/v7e-m/fpv4-sp/hard/crtbegin.o
LOAD /home/michal/Ac6/SystemWorkbench/plugins/fr.ac6.mcu.externaltools.arm-none.linux64_1.17.0.201812190825/tools/compiler/bin/../lib/gcc/arm-none-eabi/7.3.1/../../../../arm-none-eabi/lib/thumb/v7e-m/fpv4-sp/hard/crt0.o
LOAD FreeRTOS/Source/croutine.o
LOAD FreeRTOS/Source/event_groups.o
LOAD FreeRTOS/Source/list.o
LOAD FreeRTOS/Source/queue.o
LOAD FreeRTOS/Source/stream_buffer.o
LOAD FreeRTOS/Source/tasks.o
LOAD FreeRTOS/Source/timers.o
LOAD FreeRTOS/Source/portable/GCC/ARM_CM4F/port.o
LOAD FreeRTOS/Source/portable/MemMang/heap_4.o
LOAD src/gpio.o
LOAD src/main.o
LOAD startup/startup_stm32.o
LOAD /home/michal/Ac6/SystemWorkbench/plugins/fr.ac6.mcu.externaltools.arm-none.linux64_1.17.0.201812190825/tools/compiler/bin/../lib/gcc/arm-none-eabi/7.3.1/../../../../arm-none-eabi/lib/thumb/v7e-m/fpv4-sp/hard/libstdc++.a
LOAD /home/michal/Ac6/SystemWorkbench/plugins/fr.ac6.mcu.externaltools.arm-none.linux64_1.17.0.201812190825/tools/compiler/bin/../lib/gcc/arm-none-eabi/7.3.1/../../../../arm-none-eabi/lib/thumb/v7e-m/fpv4-sp/hard/libm.a
START GROUP
LOAD /home/michal/Ac6/SystemWorkbench/plugins/fr.ac6.mcu.externaltools.arm-none.linux64_1.17.0.201812190825/tools/compiler/bin/../lib/gcc/arm-none-eabi/7.3.1/thumb/v7e-m/fpv4-sp/hard/libgcc.a
LOAD /home/michal/Ac6/SystemWorkbench/plugins/fr.ac6.mcu.externaltools.arm-none.linux64_1.17.0.201812190825/tools/compiler/bin/../lib/gcc/arm-none-eabi/7.3.1/../../../../arm-none-eabi/lib/thumb/v7e-m/fpv4-sp/hard/libc.a
END GROUP
LOAD /home/michal/Ac6/SystemWorkbench/plugins/fr.ac6.mcu.externaltools.arm-none.linux64_1.17.0.201812190825/tools/compiler/bin/../lib/gcc/arm-none-eabi/7.3.1/thumb/v7e-m/fpv4-sp/hard/crtend.o
LOAD /home/michal/Ac6/SystemWorkbench/plugins/fr.ac6.mcu.externaltools.arm-none.linux64_1.17.0.201812190825/tools/compiler/bin/../lib/gcc/arm-none-eabi/7.3.1/thumb/v7e-m/fpv4-sp/hard/crtn.o
                0x0000000020020000                _estack = 0x20020000
                0x0000000000000000                _Min_Heap_Size = 0x0
                0x0000000000000400                _Min_Stack_Size = 0x400

.isr_vector     0x0000000008000000      0x1a8
                0x0000000008000000                . = ALIGN (0x4)
 *(.isr_vector)
 .isr_vector    0x0000000008000000      0x1a8 startup/startup_stm32.o
                0x0000000008000000                g_pfnVectors
                0x00000000080001a8                . = ALIGN (0x4)

.text           0x00000000080001b0     0x2960
                0x00000000080001b0                . = ALIGN (0x4)
 *(.text)
 .text          0x00000000080001b0       0x40 /home/michal/Ac6/SystemWorkbench/plugins/fr.ac6.mcu.externaltools.arm-none.linux64_1.17.0.201812190825/tools/compiler/bin/../lib/gcc/arm-none-eabi/7.3.1/thumb/v7e-m/fpv4-sp/hard/crtbegin.o
 .text          0x00000000080001f0      0x134 /home/michal/Ac6/SystemWorkbench/plugins/fr.ac6.mcu.externaltools.arm-none.linux64_1.17.0.201812190825/tools/compiler/bin/../lib/gcc/arm-none-eabi/7.3.1/../../../../arm-none-eabi/lib/thumb/v7e-m/fpv4-sp/hard/libc.a(lib_a-memcpy.o)
                0x00000000080001f0                memcpy
 *(.text*)
 .text.vListInitialise
                0x0000000008000324       0x40 FreeRTOS/Source/list.o
                0x0000000008000324                vListInitialise
 .text.vListInitialiseItem
                0x0000000008000364       0x1a FreeRTOS/Source/list.o
                0x0000000008000364                vListInitialiseItem
 .text.vListInsertEnd
                0x000000000800037e       0x48 FreeRTOS/Source/list.o
                0x000000000800037e                vListInsertEnd
 .text.vListInsert
                0x00000000080003c6       0x72 FreeRTOS/Source/list.o
                0x00000000080003c6                vListInsert
 .text.uxListRemove
                0x0000000008000438       0x54 FreeRTOS/Source/list.o
                0x0000000008000438                uxListRemove
 .text.xQueueGenericReset
                0x000000000800048c       0xd0 FreeRTOS/Source/queue.o
                0x000000000800048c                xQueueGenericReset
 .text.xQueueGenericCreate
                0x000000000800055c       0x76 FreeRTOS/Source/queue.o
                0x000000000800055c                xQueueGenericCreate
 .text.prvInitialiseNewQueue
                0x00000000080005d2       0x46 FreeRTOS/Source/queue.o
 .text.xQueueGenericSend
                0x0000000008000618      0x1f4 FreeRTOS/Source/queue.o
                0x0000000008000618                xQueueGenericSend
 .text.xQueueGenericSendFromISR
                0x000000000800080c      0x128 FreeRTOS/Source/queue.o
                0x000000000800080c                xQueueGenericSendFromISR
 .text.xQueueReceive
                0x0000000008000934      0x1b8 FreeRTOS/Source/queue.o
                0x0000000008000934                xQueueReceive
 .text.prvCopyDataToQueue
                0x0000000008000aec       0xd4 FreeRTOS/Source/queue.o
 .text.prvCopyDataFromQueue
                0x0000000008000bc0       0x4c FreeRTOS/Source/queue.o
 .text.prvUnlockQueue
                0x0000000008000c0c       0xa4 FreeRTOS/Source/queue.o
 .text.prvIsQueueEmpty
                0x0000000008000cb0       0x2c FreeRTOS/Source/queue.o
 .text.prvIsQueueFull
                0x0000000008000cdc       0x30 FreeRTOS/Source/queue.o
 .text.vQueueAddToRegistry
                0x0000000008000d0c       0x50 FreeRTOS/Source/queue.o
                0x0000000008000d0c                vQueueAddToRegistry
 .text.vQueueWaitForMessageRestricted
                0x0000000008000d5c       0x68 FreeRTOS/Source/queue.o
                0x0000000008000d5c                vQueueWaitForMessageRestricted
 .text.xTaskCreate
                0x0000000008000dc4       0x82 FreeRTOS/Source/tasks.o
                0x0000000008000dc4                xTaskCreate
 .text.prvInitialiseNewTask
                0x0000000008000e46      0x11c FreeRTOS/Source/tasks.o
 *fill*         0x0000000008000f62        0x2 
 .text.prvAddNewTaskToReadyList
                0x0000000008000f64       0xdc FreeRTOS/Source/tasks.o
 .text.vTaskStartScheduler
                0x0000000008001040       0x98 FreeRTOS/Source/tasks.o
                0x0000000008001040                vTaskStartScheduler
 .text.vTaskSuspendAll
                0x00000000080010d8       0x1c FreeRTOS/Source/tasks.o
                0x00000000080010d8                vTaskSuspendAll
 .text.xTaskResumeAll
                0x00000000080010f4      0x138 FreeRTOS/Source/tasks.o
                0x00000000080010f4                xTaskResumeAll
 .text.xTaskGetTickCount
                0x000000000800122c       0x20 FreeRTOS/Source/tasks.o
                0x000000000800122c                xTaskGetTickCount
 .text.xTaskIncrementTick
                0x000000000800124c      0x170 FreeRTOS/Source/tasks.o
                0x000000000800124c                xTaskIncrementTick
 .text.vTaskSwitchContext
                0x00000000080013bc       0xb4 FreeRTOS/Source/tasks.o
                0x00000000080013bc                vTaskSwitchContext
 .text.vTaskPlaceOnEventList
                0x0000000008001470       0x48 FreeRTOS/Source/tasks.o
                0x0000000008001470                vTaskPlaceOnEventList
 .text.vTaskPlaceOnEventListRestricted
                0x00000000080014b8       0x54 FreeRTOS/Source/tasks.o
                0x00000000080014b8                vTaskPlaceOnEventListRestricted
 .text.xTaskRemoveFromEventList
                0x000000000800150c       0xc4 FreeRTOS/Source/tasks.o
                0x000000000800150c                xTaskRemoveFromEventList
 .text.vTaskInternalSetTimeOutState
                0x00000000080015d0       0x2c FreeRTOS/Source/tasks.o
                0x00000000080015d0                vTaskInternalSetTimeOutState
 .text.xTaskCheckForTimeOut
                0x00000000080015fc       0xc0 FreeRTOS/Source/tasks.o
                0x00000000080015fc                xTaskCheckForTimeOut
 .text.vTaskMissedYield
                0x00000000080016bc       0x18 FreeRTOS/Source/tasks.o
                0x00000000080016bc                vTaskMissedYield
 .text.prvIdleTask
                0x00000000080016d4       0x30 FreeRTOS/Source/tasks.o
 .text.prvInitialiseTaskLists
                0x0000000008001704       0x80 FreeRTOS/Source/tasks.o
 .text.prvCheckTasksWaitingTermination
                0x0000000008001784       0x58 FreeRTOS/Source/tasks.o
 .text.prvDeleteTCB
                0x00000000080017dc       0x20 FreeRTOS/Source/tasks.o
 .text.prvResetNextTaskUnblockTime
                0x00000000080017fc       0x40 FreeRTOS/Source/tasks.o
 .text.xTaskGetSchedulerState
                0x000000000800183c       0x3c FreeRTOS/Source/tasks.o
                0x000000000800183c                xTaskGetSchedulerState
 .text.xTaskPriorityDisinherit
                0x0000000008001878      0x108 FreeRTOS/Source/tasks.o
                0x0000000008001878                xTaskPriorityDisinherit
 .text.prvAddCurrentTaskToDelayedList
                0x0000000008001980       0xcc FreeRTOS/Source/tasks.o
 .text.xTimerCreateTimerTask
                0x0000000008001a4c       0x64 FreeRTOS/Source/timers.o
                0x0000000008001a4c                xTimerCreateTimerTask
 .text.xTimerGenericCommand
                0x0000000008001ab0       0x98 FreeRTOS/Source/timers.o
                0x0000000008001ab0                xTimerGenericCommand
 .text.prvProcessExpiredTimer
                0x0000000008001b48       0x98 FreeRTOS/Source/timers.o
 .text.prvTimerTask
                0x0000000008001be0       0x24 FreeRTOS/Source/timers.o
 .text.prvProcessTimerOrBlockTask
                0x0000000008001c04       0x9c FreeRTOS/Source/timers.o
 .text.prvGetNextExpireTime
                0x0000000008001ca0       0x48 FreeRTOS/Source/timers.o
 .text.prvSampleTimeNow
                0x0000000008001ce8       0x40 FreeRTOS/Source/timers.o
 .text.prvInsertTimerInActiveList
                0x0000000008001d28       0x84 FreeRTOS/Source/timers.o
 .text.prvProcessReceivedCommands
                0x0000000008001dac      0x188 FreeRTOS/Source/timers.o
 .text.prvSwitchTimerLists
                0x0000000008001f34       0xc8 FreeRTOS/Source/timers.o
 .text.prvCheckForValidListAndQueue
                0x0000000008001ffc       0x6c FreeRTOS/Source/timers.o
 .text.pxPortInitialiseStack
                0x0000000008002068       0x68 FreeRTOS/Source/portable/GCC/ARM_CM4F/port.o
                0x0000000008002068                pxPortInitialiseStack
 .text.prvTaskExitError
                0x00000000080020d0       0x54 FreeRTOS/Source/portable/GCC/ARM_CM4F/port.o
 *fill*         0x0000000008002124        0xc 
 .text.SVC_Handler
                0x0000000008002130       0x28 FreeRTOS/Source/portable/GCC/ARM_CM4F/port.o
                0x0000000008002130                SVC_Handler
 .text.prvPortStartFirstTask
                0x0000000008002158       0x28 FreeRTOS/Source/portable/GCC/ARM_CM4F/port.o
 .text.xPortStartScheduler
                0x0000000008002180      0x13c FreeRTOS/Source/portable/GCC/ARM_CM4F/port.o
                0x0000000008002180                xPortStartScheduler
 .text.vPortEnterCritical
                0x00000000080022bc       0x5c FreeRTOS/Source/portable/GCC/ARM_CM4F/port.o
                0x00000000080022bc                vPortEnterCritical
 .text.vPortExitCritical
                0x0000000008002318       0x50 FreeRTOS/Source/portable/GCC/ARM_CM4F/port.o
                0x0000000008002318                vPortExitCritical
 *fill*         0x0000000008002368        0x8 
 .text.PendSV_Handler
                0x0000000008002370       0x68 FreeRTOS/Source/portable/GCC/ARM_CM4F/port.o
                0x0000000008002370                PendSV_Handler
 .text.SysTick_Handler
                0x00000000080023d8       0x40 FreeRTOS/Source/portable/GCC/ARM_CM4F/port.o
                0x00000000080023d8                SysTick_Handler
 .text.vPortSetupTimerInterrupt
                0x0000000008002418       0x38 FreeRTOS/Source/portable/GCC/ARM_CM4F/port.o
                0x0000000008002418                vPortSetupTimerInterrupt
 .text.vPortEnableVFP
                0x0000000008002450       0x14 FreeRTOS/Source/portable/GCC/ARM_CM4F/port.o
 .text.vPortValidateInterruptPriority
                0x0000000008002464       0x7c FreeRTOS/Source/portable/GCC/ARM_CM4F/port.o
                0x0000000008002464                vPortValidateInterruptPriority
 .text.pvPortMalloc
                0x00000000080024e0      0x184 FreeRTOS/Source/portable/MemMang/heap_4.o
                0x00000000080024e0                pvPortMalloc
 .text.vPortFree
                0x0000000008002664       0xb0 FreeRTOS/Source/portable/MemMang/heap_4.o
                0x0000000008002664                vPortFree
 .text.prvHeapInit
                0x0000000008002714       0xc4 FreeRTOS/Source/portable/MemMang/heap_4.o
 .text.prvInsertBlockIntoFreeList
                0x00000000080027d8       0xb4 FreeRTOS/Source/portable/MemMang/heap_4.o
 .text.main     0x000000000800288c       0x12 src/main.o
                0x000000000800288c                main
 .text.prvSetupHardware
                0x000000000800289e        0xe src/main.o
 .text.Reset_Handler
                0x00000000080028ac       0x50 startup/startup_stm32.o
                0x00000000080028ac                Reset_Handler
 .text.Default_Handler
                0x00000000080028fc        0x2 startup/startup_stm32.o
                0x00000000080028fc                RTC_Alarm_IRQHandler
                0x00000000080028fc                HASH_RNG_IRQHandler
                0x00000000080028fc                EXTI2_IRQHandler
                0x00000000080028fc                TIM8_CC_IRQHandler
                0x00000000080028fc                DebugMon_Handler
                0x00000000080028fc                TIM1_CC_IRQHandler
                0x00000000080028fc                DMA2_Stream5_IRQHandler
                0x00000000080028fc                HardFault_Handler
                0x00000000080028fc                DMA1_Stream5_IRQHandler
                0x00000000080028fc                PVD_IRQHandler
                0x00000000080028fc                SDIO_IRQHandler
                0x00000000080028fc                TAMP_STAMP_IRQHandler
                0x00000000080028fc                NMI_Handler
                0x00000000080028fc                CAN2_RX1_IRQHandler
                0x00000000080028fc                EXTI3_IRQHandler
                0x00000000080028fc                TIM8_TRG_COM_TIM14_IRQHandler
                0x00000000080028fc                TIM1_UP_TIM10_IRQHandler
                0x00000000080028fc                TIM8_UP_TIM13_IRQHandler
                0x00000000080028fc                I2C3_ER_IRQHandler
                0x00000000080028fc                LCD_TFT_IRQHandler
                0x00000000080028fc                EXTI0_IRQHandler
                0x00000000080028fc                I2C2_EV_IRQHandler
                0x00000000080028fc                DMA1_Stream2_IRQHandler
                0x00000000080028fc                CAN1_RX0_IRQHandler
                0x00000000080028fc                FPU_IRQHandler
                0x00000000080028fc                OTG_HS_WKUP_IRQHandler
                0x00000000080028fc                UsageFault_Handler
                0x00000000080028fc                CAN2_SCE_IRQHandler
                0x00000000080028fc                DMA2_Stream2_IRQHandler
                0x00000000080028fc                SPI1_IRQHandler
                0x00000000080028fc                TIM6_DAC_IRQHandler
                0x00000000080028fc                TIM1_BRK_TIM9_IRQHandler
                0x00000000080028fc                DCMI_IRQHandler
                0x00000000080028fc                CAN2_RX0_IRQHandler
                0x00000000080028fc                DMA2_Stream3_IRQHandler
                0x00000000080028fc                USART6_IRQHandler
                0x00000000080028fc                USART3_IRQHandler
                0x00000000080028fc                CRYP_IRQHandler
                0x00000000080028fc                CAN1_RX1_IRQHandler
                0x00000000080028fc                UART5_IRQHandler
                0x00000000080028fc                DMA2_Stream0_IRQHandler
                0x00000000080028fc                TIM4_IRQHandler
                0x00000000080028fc                I2C1_EV_IRQHandler
                0x00000000080028fc                DMA1_Stream6_IRQHandler
                0x00000000080028fc                DMA1_Stream1_IRQHandler
                0x00000000080028fc                UART4_IRQHandler
                0x00000000080028fc                LCD_TFT_1_IRQHandler
                0x00000000080028fc                TIM3_IRQHandler
                0x00000000080028fc                RCC_IRQHandler
                0x00000000080028fc                TIM8_BRK_TIM12_IRQHandler
                0x00000000080028fc                Default_Handler
                0x00000000080028fc                EXTI15_10_IRQHandler
                0x00000000080028fc                ADC_IRQHandler
                0x00000000080028fc                DMA1_Stream7_IRQHandler
                0x00000000080028fc                TIM7_IRQHandler
                0x00000000080028fc                CAN2_TX_IRQHandler
                0x00000000080028fc                TIM5_IRQHandler
                0x00000000080028fc                DMA2_Stream7_IRQHandler
                0x00000000080028fc                I2C3_EV_IRQHandler
                0x00000000080028fc                EXTI9_5_IRQHandler
                0x00000000080028fc                RTC_WKUP_IRQHandler
                0x00000000080028fc                ETH_WKUP_IRQHandler
                0x00000000080028fc                SPI2_IRQHandler
                0x00000000080028fc                OTG_HS_EP1_IN_IRQHandler
                0x00000000080028fc                MemManage_Handler
                0x00000000080028fc                DMA1_Stream0_IRQHandler
                0x00000000080028fc                CAN1_TX_IRQHandler
                0x00000000080028fc                EXTI4_IRQHandler
                0x00000000080028fc                FSMC_IRQHandler
                0x00000000080028fc                ETH_IRQHandler
                0x00000000080028fc                OTG_HS_EP1_OUT_IRQHandler
                0x00000000080028fc                WWDG_IRQHandler
                0x00000000080028fc                TIM2_IRQHandler
                0x00000000080028fc                OTG_FS_WKUP_IRQHandler
                0x00000000080028fc                TIM1_TRG_COM_TIM11_IRQHandler
                0x00000000080028fc                OTG_HS_IRQHandler
                0x00000000080028fc                EXTI1_IRQHandler
                0x00000000080028fc                USART2_IRQHandler
                0x00000000080028fc                I2C2_ER_IRQHandler
                0x00000000080028fc                DMA2_Stream1_IRQHandler
                0x00000000080028fc                CAN1_SCE_IRQHandler
                0x00000000080028fc                DMA2_Stream4_IRQHandler
                0x00000000080028fc                BusFault_Handler
                0x00000000080028fc                USART1_IRQHandler
                0x00000000080028fc                OTG_FS_IRQHandler
                0x00000000080028fc                SPI3_IRQHandler
                0x00000000080028fc                DMA1_Stream4_IRQHandler
                0x00000000080028fc                I2C1_ER_IRQHandler
                0x00000000080028fc                DMA2_Stream6_IRQHandler
                0x00000000080028fc                DMA1_Stream3_IRQHandler
 *fill*         0x00000000080028fe        0x2 
 .text.__libc_init_array
                0x0000000008002900       0x48 /home/michal/Ac6/SystemWorkbench/plugins/fr.ac6.mcu.externaltools.arm-none.linux64_1.17.0.201812190825/tools/compiler/bin/../lib/gcc/arm-none-eabi/7.3.1/../../../../arm-none-eabi/lib/thumb/v7e-m/fpv4-sp/hard/libc.a(lib_a-init.o)
                0x0000000008002900                __libc_init_array
 .text.memset   0x0000000008002948       0x94 /home/michal/Ac6/SystemWorkbench/plugins/fr.ac6.mcu.externaltools.arm-none.linux64_1.17.0.201812190825/tools/compiler/bin/../lib/gcc/arm-none-eabi/7.3.1/../../../../arm-none-eabi/lib/thumb/v7e-m/fpv4-sp/hard/libc.a(lib_a-memset.o)
                0x0000000008002948                memset
 .text.startup.register_fini
                0x00000000080029dc       0x14 /home/michal/Ac6/SystemWorkbench/plugins/fr.ac6.mcu.externaltools.arm-none.linux64_1.17.0.201812190825/tools/compiler/bin/../lib/gcc/arm-none-eabi/7.3.1/../../../../arm-none-eabi/lib/thumb/v7e-m/fpv4-sp/hard/libc.a(lib_a-__call_atexit.o)
 .text.atexit   0x00000000080029f0        0xc /home/michal/Ac6/SystemWorkbench/plugins/fr.ac6.mcu.externaltools.arm-none.linux64_1.17.0.201812190825/tools/compiler/bin/../lib/gcc/arm-none-eabi/7.3.1/../../../../arm-none-eabi/lib/thumb/v7e-m/fpv4-sp/hard/libc.a(lib_a-atexit.o)
                0x00000000080029f0                atexit
 .text.__libc_fini_array
                0x00000000080029fc       0x34 /home/michal/Ac6/SystemWorkbench/plugins/fr.ac6.mcu.externaltools.arm-none.linux64_1.17.0.201812190825/tools/compiler/bin/../lib/gcc/arm-none-eabi/7.3.1/../../../../arm-none-eabi/lib/thumb/v7e-m/fpv4-sp/hard/libc.a(lib_a-fini.o)
                0x00000000080029fc                __libc_fini_array
 .text.__retarget_lock_acquire_recursive
                0x0000000008002a30        0x4 /home/michal/Ac6/SystemWorkbench/plugins/fr.ac6.mcu.externaltools.arm-none.linux64_1.17.0.201812190825/tools/compiler/bin/../lib/gcc/arm-none-eabi/7.3.1/../../../../arm-none-eabi/lib/thumb/v7e-m/fpv4-sp/hard/libc.a(lib_a-lock.o)
                0x0000000008002a30                __retarget_lock_acquire_recursive
 .text.__retarget_lock_release_recursive
                0x0000000008002a34        0x4 /home/michal/Ac6/SystemWorkbench/plugins/fr.ac6.mcu.externaltools.arm-none.linux64_1.17.0.201812190825/tools/compiler/bin/../lib/gcc/arm-none-eabi/7.3.1/../../../../arm-none-eabi/lib/thumb/v7e-m/fpv4-sp/hard/libc.a(lib_a-lock.o)
                0x0000000008002a34                __retarget_lock_release_recursive
 .text.__register_exitproc
                0x0000000008002a38       0xc0 /home/michal/Ac6/SystemWorkbench/plugins/fr.ac6.mcu.externaltools.arm-none.linux64_1.17.0.201812190825/tools/compiler/bin/../lib/gcc/arm-none-eabi/7.3.1/../../../../arm-none-eabi/lib/thumb/v7e-m/fpv4-sp/hard/libc.a(lib_a-__atexit.o)
                0x0000000008002a38                __register_exitproc
 *(.glue_7)
 .glue_7        0x0000000008002af8        0x0 linker stubs
 *(.glue_7t)
 .glue_7t       0x0000000008002af8        0x0 linker stubs
 *(.eh_frame)
 .eh_frame      0x0000000008002af8        0x0 /home/michal/Ac6/SystemWorkbench/plugins/fr.ac6.mcu.externaltools.arm-none.linux64_1.17.0.201812190825/tools/compiler/bin/../lib/gcc/arm-none-eabi/7.3.1/thumb/v7e-m/fpv4-sp/hard/crtbegin.o
 *(.init)
 .init          0x0000000008002af8        0x4 /home/michal/Ac6/SystemWorkbench/plugins/fr.ac6.mcu.externaltools.arm-none.linux64_1.17.0.201812190825/tools/compiler/bin/../lib/gcc/arm-none-eabi/7.3.1/thumb/v7e-m/fpv4-sp/hard/crti.o
                0x0000000008002af8                _init
 .init          0x0000000008002afc        0x8 /home/michal/Ac6/SystemWorkbench/plugins/fr.ac6.mcu.externaltools.arm-none.linux64_1.17.0.201812190825/tools/compiler/bin/../lib/gcc/arm-none-eabi/7.3.1/thumb/v7e-m/fpv4-sp/hard/crtn.o
 *(.fini)
 .fini          0x0000000008002b04        0x4 /home/michal/Ac6/SystemWorkbench/plugins/fr.ac6.mcu.externaltools.arm-none.linux64_1.17.0.201812190825/tools/compiler/bin/../lib/gcc/arm-none-eabi/7.3.1/thumb/v7e-m/fpv4-sp/hard/crti.o
                0x0000000008002b04                _fini
 .fini          0x0000000008002b08        0x8 /home/michal/Ac6/SystemWorkbench/plugins/fr.ac6.mcu.externaltools.arm-none.linux64_1.17.0.201812190825/tools/compiler/bin/../lib/gcc/arm-none-eabi/7.3.1/thumb/v7e-m/fpv4-sp/hard/crtn.o
                0x0000000008002b10                . = ALIGN (0x4)
                0x0000000008002b10                _etext = .

.vfp11_veneer   0x0000000008002b10        0x0
 .vfp11_veneer  0x0000000008002b10        0x0 linker stubs

.v4_bx          0x0000000008002b10        0x0
 .v4_bx         0x0000000008002b10        0x0 linker stubs

.iplt           0x0000000008002b10        0x0
 .iplt          0x0000000008002b10        0x0 /home/michal/Ac6/SystemWorkbench/plugins/fr.ac6.mcu.externaltools.arm-none.linux64_1.17.0.201812190825/tools/compiler/bin/../lib/gcc/arm-none-eabi/7.3.1/thumb/v7e-m/fpv4-sp/hard/crtbegin.o

.rodata         0x0000000008002b10       0x1c
                0x0000000008002b10                . = ALIGN (0x4)
 *(.rodata)
 .rodata        0x0000000008002b10        0x5 FreeRTOS/Source/tasks.o
 *fill*         0x0000000008002b15        0x3 
 .rodata        0x0000000008002b18        0xd FreeRTOS/Source/timers.o
 *(.rodata*)
 *fill*         0x0000000008002b25        0x3 
 .rodata._global_impure_ptr
                0x0000000008002b28        0x4 /home/michal/Ac6/SystemWorkbench/plugins/fr.ac6.mcu.externaltools.arm-none.linux64_1.17.0.201812190825/tools/compiler/bin/../lib/gcc/arm-none-eabi/7.3.1/../../../../arm-none-eabi/lib/thumb/v7e-m/fpv4-sp/hard/libc.a(lib_a-impure.o)
                0x0000000008002b28                _global_impure_ptr
                0x0000000008002b2c                . = ALIGN (0x4)

.rel.dyn        0x0000000008002b2c        0x0
 .rel.iplt      0x0000000008002b2c        0x0 /home/michal/Ac6/SystemWorkbench/plugins/fr.ac6.mcu.externaltools.arm-none.linux64_1.17.0.201812190825/tools/compiler/bin/../lib/gcc/arm-none-eabi/7.3.1/thumb/v7e-m/fpv4-sp/hard/crtbegin.o

.ARM.extab      0x0000000008002b2c        0x0
                0x0000000008002b2c                . = ALIGN (0x4)
 *(.ARM.extab* .gnu.linkonce.armextab.*)
                0x0000000008002b2c                . = ALIGN (0x4)

.ARM            0x0000000008002b2c        0x0
                0x0000000008002b2c                . = ALIGN (0x4)
                0x0000000008002b2c                __exidx_start = .
 *(.ARM.exidx*)
                0x0000000008002b2c                __exidx_end = .
                0x0000000008002b2c                . = ALIGN (0x4)

.preinit_array  0x0000000008002b2c        0x0
                0x0000000008002b2c                . = ALIGN (0x4)
                0x0000000008002b2c                PROVIDE (__preinit_array_start = .)
 *(.preinit_array*)
                0x0000000008002b2c                PROVIDE (__preinit_array_end = .)
                0x0000000008002b2c                . = ALIGN (0x4)

.init_array     0x0000000008002b2c        0x8
                0x0000000008002b2c                . = ALIGN (0x4)
                0x0000000008002b2c                PROVIDE (__init_array_start = .)
 *(SORT_BY_NAME(.init_array.*))
 .init_array.00000
                0x0000000008002b2c        0x4 /home/michal/Ac6/SystemWorkbench/plugins/fr.ac6.mcu.externaltools.arm-none.linux64_1.17.0.201812190825/tools/compiler/bin/../lib/gcc/arm-none-eabi/7.3.1/../../../../arm-none-eabi/lib/thumb/v7e-m/fpv4-sp/hard/libc.a(lib_a-__call_atexit.o)
 *(.init_array*)
 .init_array    0x0000000008002b30        0x4 /home/michal/Ac6/SystemWorkbench/plugins/fr.ac6.mcu.externaltools.arm-none.linux64_1.17.0.201812190825/tools/compiler/bin/../lib/gcc/arm-none-eabi/7.3.1/thumb/v7e-m/fpv4-sp/hard/crtbegin.o
                0x0000000008002b34                PROVIDE (__init_array_end = .)
                0x0000000008002b34                . = ALIGN (0x4)

.fini_array     0x0000000008002b34        0x4
                0x0000000008002b34                . = ALIGN (0x4)
                0x0000000008002b34                PROVIDE (__fini_array_start = .)
 *(SORT_BY_NAME(.fini_array.*))
 *(.fini_array*)
 .fini_array    0x0000000008002b34        0x4 /home/michal/Ac6/SystemWorkbench/plugins/fr.ac6.mcu.externaltools.arm-none.linux64_1.17.0.201812190825/tools/compiler/bin/../lib/gcc/arm-none-eabi/7.3.1/thumb/v7e-m/fpv4-sp/hard/crtbegin.o
                0x0000000008002b38                PROVIDE (__fini_array_end = .)
                0x0000000008002b38                . = ALIGN (0x4)
                0x0000000008002b38                _sidata = LOADADDR (.data)

.data           0x0000000020000000      0x434 load address 0x0000000008002b38
                0x0000000020000000                . = ALIGN (0x4)
                0x0000000020000000                _sdata = .
 *(.data)
 .data          0x0000000020000000        0x4 FreeRTOS/Source/portable/GCC/ARM_CM4F/port.o
 *(.data*)
 *fill*         0x0000000020000004        0x4 
 .data.impure_data
                0x0000000020000008      0x428 /home/michal/Ac6/SystemWorkbench/plugins/fr.ac6.mcu.externaltools.arm-none.linux64_1.17.0.201812190825/tools/compiler/bin/../lib/gcc/arm-none-eabi/7.3.1/../../../../arm-none-eabi/lib/thumb/v7e-m/fpv4-sp/hard/libc.a(lib_a-impure.o)
 .data.__atexit_recursive_mutex
                0x0000000020000430        0x4 /home/michal/Ac6/SystemWorkbench/plugins/fr.ac6.mcu.externaltools.arm-none.linux64_1.17.0.201812190825/tools/compiler/bin/../lib/gcc/arm-none-eabi/7.3.1/../../../../arm-none-eabi/lib/thumb/v7e-m/fpv4-sp/hard/libc.a(lib_a-__call_atexit.o)
                0x0000000020000430                __atexit_recursive_mutex
                0x0000000020000434                . = ALIGN (0x4)
                0x0000000020000434                _edata = .

.igot.plt       0x0000000020000434        0x0 load address 0x0000000008002f6c
 .igot.plt      0x0000000020000434        0x0 /home/michal/Ac6/SystemWorkbench/plugins/fr.ac6.mcu.externaltools.arm-none.linux64_1.17.0.201812190825/tools/compiler/bin/../lib/gcc/arm-none-eabi/7.3.1/thumb/v7e-m/fpv4-sp/hard/crtbegin.o
                0x0000000020000434                . = ALIGN (0x4)

.bss            0x0000000020000434    0x12de0 load address 0x0000000008002f6c
                0x0000000020000434                _sbss = .
                0x0000000020000434                __bss_start__ = _sbss
 *(.bss)
 .bss           0x0000000020000434       0x1c /home/michal/Ac6/SystemWorkbench/plugins/fr.ac6.mcu.externaltools.arm-none.linux64_1.17.0.201812190825/tools/compiler/bin/../lib/gcc/arm-none-eabi/7.3.1/thumb/v7e-m/fpv4-sp/hard/crtbegin.o
 .bss           0x0000000020000450      0x104 FreeRTOS/Source/tasks.o
                0x0000000020000450                pxCurrentTCB
 .bss           0x0000000020000554       0x3c FreeRTOS/Source/timers.o
 .bss           0x0000000020000590        0x8 FreeRTOS/Source/portable/GCC/ARM_CM4F/port.o
 .bss           0x0000000020000598    0x12c18 FreeRTOS/Source/portable/MemMang/heap_4.o
 *(.bss*)
 *(COMMON)
 COMMON         0x00000000200131b0       0x40 FreeRTOS/Source/queue.o
                0x00000000200131b0                xQueueRegistry
 COMMON         0x00000000200131f0       0x21 /home/michal/Ac6/SystemWorkbench/plugins/fr.ac6.mcu.externaltools.arm-none.linux64_1.17.0.201812190825/tools/compiler/bin/../lib/gcc/arm-none-eabi/7.3.1/../../../../arm-none-eabi/lib/thumb/v7e-m/fpv4-sp/hard/libc.a(lib_a-lock.o)
                0x00000000200131f0                __lock___atexit_recursive_mutex
                0x00000000200131f4                __lock___arc4random_mutex
                0x00000000200131f8                __lock___env_recursive_mutex
                0x00000000200131fc                __lock___sinit_recursive_mutex
                0x0000000020013200                __lock___malloc_recursive_mutex
                0x0000000020013204                __lock___at_quick_exit_mutex
                0x0000000020013208                __lock___dd_hash_mutex
                0x000000002001320c                __lock___tz_mutex
                0x0000000020013210                __lock___sfp_recursive_mutex
                0x0000000020013214                . = ALIGN (0x4)
 *fill*         0x0000000020013211        0x3 
                0x0000000020013214                _ebss = .
                0x0000000020013214                __bss_end__ = _ebss

._user_heap_stack
                0x0000000020013214      0x404 load address 0x0000000008002f6c
                0x0000000020013218                . = ALIGN (0x8)
 *fill*         0x0000000020013214        0x4 
                [!provide]                        PROVIDE (end = .)
                [!provide]                        PROVIDE (_end = .)
                0x0000000020013218                . = (. + _Min_Heap_Size)
                0x0000000020013618                . = (. + _Min_Stack_Size)
 *fill*         0x0000000020013218      0x400 
                0x0000000020013618                . = ALIGN (0x8)

/DISCARD/
 libc.a(*)
 libm.a(*)
 libgcc.a(*)

.ARM.attributes
                0x0000000000000000       0x30
 *(.ARM.attributes)
 .ARM.attributes
                0x0000000000000000       0x22 /home/michal/Ac6/SystemWorkbench/plugins/fr.ac6.mcu.externaltools.arm-none.linux64_1.17.0.201812190825/tools/compiler/bin/../lib/gcc/arm-none-eabi/7.3.1/thumb/v7e-m/fpv4-sp/hard/crti.o
 .ARM.attributes
                0x0000000000000022       0x34 /home/michal/Ac6/SystemWorkbench/plugins/fr.ac6.mcu.externaltools.arm-none.linux64_1.17.0.201812190825/tools/compiler/bin/../lib/gcc/arm-none-eabi/7.3.1/thumb/v7e-m/fpv4-sp/hard/crtbegin.o
 .ARM.attributes
                0x0000000000000056       0x39 FreeRTOS/Source/list.o
 .ARM.attributes
                0x000000000000008f       0x39 FreeRTOS/Source/queue.o
 .ARM.attributes
                0x00000000000000c8       0x39 FreeRTOS/Source/tasks.o
 .ARM.attributes
                0x0000000000000101       0x39 FreeRTOS/Source/timers.o
 .ARM.attributes
                0x000000000000013a       0x39 FreeRTOS/Source/portable/GCC/ARM_CM4F/port.o
 .ARM.attributes
                0x0000000000000173       0x39 FreeRTOS/Source/portable/MemMang/heap_4.o
 .ARM.attributes
                0x00000000000001ac       0x39 src/main.o
 .ARM.attributes
                0x00000000000001e5       0x21 startup/startup_stm32.o
 .ARM.attributes
                0x0000000000000206       0x34 /home/michal/Ac6/SystemWorkbench/plugins/fr.ac6.mcu.externaltools.arm-none.linux64_1.17.0.201812190825/tools/compiler/bin/../lib/gcc/arm-none-eabi/7.3.1/../../../../arm-none-eabi/lib/thumb/v7e-m/fpv4-sp/hard/libc.a(lib_a-impure.o)
 .ARM.attributes
                0x000000000000023a       0x34 /home/michal/Ac6/SystemWorkbench/plugins/fr.ac6.mcu.externaltools.arm-none.linux64_1.17.0.201812190825/tools/compiler/bin/../lib/gcc/arm-none-eabi/7.3.1/../../../../arm-none-eabi/lib/thumb/v7e-m/fpv4-sp/hard/libc.a(lib_a-init.o)
 .ARM.attributes
                0x000000000000026e       0x20 /home/michal/Ac6/SystemWorkbench/plugins/fr.ac6.mcu.externaltools.arm-none.linux64_1.17.0.201812190825/tools/compiler/bin/../lib/gcc/arm-none-eabi/7.3.1/../../../../arm-none-eabi/lib/thumb/v7e-m/fpv4-sp/hard/libc.a(lib_a-memcpy.o)
 .ARM.attributes
                0x000000000000028e       0x34 /home/michal/Ac6/SystemWorkbench/plugins/fr.ac6.mcu.externaltools.arm-none.linux64_1.17.0.201812190825/tools/compiler/bin/../lib/gcc/arm-none-eabi/7.3.1/../../../../arm-none-eabi/lib/thumb/v7e-m/fpv4-sp/hard/libc.a(lib_a-memset.o)
 .ARM.attributes
                0x00000000000002c2       0x34 /home/michal/Ac6/SystemWorkbench/plugins/fr.ac6.mcu.externaltools.arm-none.linux64_1.17.0.201812190825/tools/compiler/bin/../lib/gcc/arm-none-eabi/7.3.1/../../../../arm-none-eabi/lib/thumb/v7e-m/fpv4-sp/hard/libc.a(lib_a-__call_atexit.o)
 .ARM.attributes
                0x00000000000002f6       0x34 /home/michal/Ac6/SystemWorkbench/plugins/fr.ac6.mcu.externaltools.arm-none.linux64_1.17.0.201812190825/tools/compiler/bin/../lib/gcc/arm-none-eabi/7.3.1/../../../../arm-none-eabi/lib/thumb/v7e-m/fpv4-sp/hard/libc.a(lib_a-atexit.o)
 .ARM.attributes
                0x000000000000032a       0x34 /home/michal/Ac6/SystemWorkbench/plugins/fr.ac6.mcu.externaltools.arm-none.linux64_1.17.0.201812190825/tools/compiler/bin/../lib/gcc/arm-none-eabi/7.3.1/../../../../arm-none-eabi/lib/thumb/v7e-m/fpv4-sp/hard/libc.a(lib_a-fini.o)
 .ARM.attributes
                0x000000000000035e       0x34 /home/michal/Ac6/SystemWorkbench/plugins/fr.ac6.mcu.externaltools.arm-none.linux64_1.17.0.201812190825/tools/compiler/bin/../lib/gcc/arm-none-eabi/7.3.1/../../../../arm-none-eabi/lib/thumb/v7e-m/fpv4-sp/hard/libc.a(lib_a-lock.o)
 .ARM.attributes
                0x0000000000000392       0x34 /home/michal/Ac6/SystemWorkbench/plugins/fr.ac6.mcu.externaltools.arm-none.linux64_1.17.0.201812190825/tools/compiler/bin/../lib/gcc/arm-none-eabi/7.3.1/../../../../arm-none-eabi/lib/thumb/v7e-m/fpv4-sp/hard/libc.a(lib_a-__atexit.o)
 .ARM.attributes
                0x00000000000003c6       0x22 /home/michal/Ac6/SystemWorkbench/plugins/fr.ac6.mcu.externaltools.arm-none.linux64_1.17.0.201812190825/tools/compiler/bin/../lib/gcc/arm-none-eabi/7.3.1/thumb/v7e-m/fpv4-sp/hard/crtn.o
OUTPUT(cm4_template_freertos.elf elf32-littlearm)

.debug_info     0x0000000000000000     0x776b
 .debug_info    0x0000000000000000      0xad0 FreeRTOS/Source/list.o
 .debug_info    0x0000000000000ad0     0x1f2b FreeRTOS/Source/queue.o
 .debug_info    0x00000000000029fb     0x2707 FreeRTOS/Source/tasks.o
 .debug_info    0x0000000000005102     0x1463 FreeRTOS/Source/timers.o
 .debug_info    0x0000000000006565      0x528 FreeRTOS/Source/portable/GCC/ARM_CM4F/port.o
 .debug_info    0x0000000000006a8d      0xbf1 FreeRTOS/Source/portable/MemMang/heap_4.o
 .debug_info    0x000000000000767e       0xcb src/main.o
 .debug_info    0x0000000000007749       0x22 startup/startup_stm32.o

.debug_abbrev   0x0000000000000000     0x1144
 .debug_abbrev  0x0000000000000000      0x205 FreeRTOS/Source/list.o
 .debug_abbrev  0x0000000000000205      0x352 FreeRTOS/Source/queue.o
 .debug_abbrev  0x0000000000000557      0x388 FreeRTOS/Source/tasks.o
 .debug_abbrev  0x00000000000008df      0x2fe FreeRTOS/Source/timers.o
 .debug_abbrev  0x0000000000000bdd      0x1ff FreeRTOS/Source/portable/GCC/ARM_CM4F/port.o
 .debug_abbrev  0x0000000000000ddc      0x2d4 FreeRTOS/Source/portable/MemMang/heap_4.o
 .debug_abbrev  0x00000000000010b0       0x82 src/main.o
 .debug_abbrev  0x0000000000001132       0x12 startup/startup_stm32.o

.debug_aranges  0x0000000000000000      0x548
 .debug_aranges
                0x0000000000000000       0x40 FreeRTOS/Source/list.o
 .debug_aranges
                0x0000000000000040      0x130 FreeRTOS/Source/queue.o
 .debug_aranges
                0x0000000000000170      0x1e8 FreeRTOS/Source/tasks.o
 .debug_aranges
                0x0000000000000358       0xd0 FreeRTOS/Source/timers.o
 .debug_aranges
                0x0000000000000428       0x80 FreeRTOS/Source/portable/GCC/ARM_CM4F/port.o
 .debug_aranges
                0x00000000000004a8       0x50 FreeRTOS/Source/portable/MemMang/heap_4.o
 .debug_aranges
                0x00000000000004f8       0x28 src/main.o
 .debug_aranges
                0x0000000000000520       0x28 startup/startup_stm32.o

.debug_ranges   0x0000000000000000      0x4d0
 .debug_ranges  0x0000000000000000       0x30 FreeRTOS/Source/list.o
 .debug_ranges  0x0000000000000030      0x120 FreeRTOS/Source/queue.o
 .debug_ranges  0x0000000000000150      0x1d8 FreeRTOS/Source/tasks.o
 .debug_ranges  0x0000000000000328       0xc0 FreeRTOS/Source/timers.o
 .debug_ranges  0x00000000000003e8       0x70 FreeRTOS/Source/portable/GCC/ARM_CM4F/port.o
 .debug_ranges  0x0000000000000458       0x40 FreeRTOS/Source/portable/MemMang/heap_4.o
 .debug_ranges  0x0000000000000498       0x18 src/main.o
 .debug_ranges  0x00000000000004b0       0x20 startup/startup_stm32.o

.debug_macro    0x0000000000000000      0xee6
 .debug_macro   0x0000000000000000      0x17a FreeRTOS/Source/list.o
 .debug_macro   0x000000000000017a      0x204 FreeRTOS/Source/queue.o
 .debug_macro   0x000000000000037e       0x16 FreeRTOS/Source/queue.o
 .debug_macro   0x0000000000000394       0x35 FreeRTOS/Source/queue.o
 .debug_macro   0x00000000000003c9       0x80 FreeRTOS/Source/queue.o
 .debug_macro   0x0000000000000449      0x267 FreeRTOS/Source/tasks.o
 .debug_macro   0x00000000000006b0       0x10 FreeRTOS/Source/tasks.o
 .debug_macro   0x00000000000006c0      0x1cf FreeRTOS/Source/timers.o
 .debug_macro   0x000000000000088f       0x97 FreeRTOS/Source/timers.o
 .debug_macro   0x0000000000000926      0x196 FreeRTOS/Source/portable/GCC/ARM_CM4F/port.o
 .debug_macro   0x0000000000000abc      0x1a1 FreeRTOS/Source/portable/MemMang/heap_4.o
 .debug_macro   0x0000000000000c5d      0x124 src/main.o
 .debug_macro   0x0000000000000d81       0x22 src/main.o
 .debug_macro   0x0000000000000da3       0x28 src/main.o
 .debug_macro   0x0000000000000dcb      0x11b src/main.o

.debug_line     0x0000000000000000     0x408d
 .debug_line    0x0000000000000000      0x556 FreeRTOS/Source/list.o
 .debug_line    0x0000000000000556      0xea4 FreeRTOS/Source/queue.o
 .debug_line    0x00000000000013fa     0x1192 FreeRTOS/Source/tasks.o
 .debug_line    0x000000000000258c      0x8c7 FreeRTOS/Source/timers.o
 .debug_line    0x0000000000002e53      0x689 FreeRTOS/Source/portable/GCC/ARM_CM4F/port.o
 .debug_line    0x00000000000034dc      0x63c FreeRTOS/Source/portable/MemMang/heap_4.o
 .debug_line    0x0000000000003b18      0x4f9 src/main.o
 .debug_line    0x0000000000004011       0x7c startup/startup_stm32.o

.debug_str      0x0000000000000000    0x4080f
 .debug_str     0x0000000000000000     0xa151 FreeRTOS/Source/list.o
                                       0xa3b0 (size before relaxing)
 .debug_str     0x000000000000a151     0x16b9 FreeRTOS/Source/queue.o
                                       0xba62 (size before relaxing)
 .debug_str     0x000000000000b80a     0x1b26 FreeRTOS/Source/tasks.o
                                       0xc6fd (size before relaxing)
 .debug_str     0x000000000000d330      0x504 FreeRTOS/Source/timers.o
                                       0xbeb3 (size before relaxing)
 .debug_str     0x000000000000d834      0x7eb FreeRTOS/Source/portable/GCC/ARM_CM4F/port.o
                                       0x854a (size before relaxing)
 .debug_str     0x000000000000e01f      0x239 FreeRTOS/Source/portable/MemMang/heap_4.o
                                       0xaba3 (size before relaxing)
 .debug_str     0x000000000000e258    0x3258e src/main.o
                                      0x3a1ec (size before relaxing)
 .debug_str     0x00000000000407e6       0x29 startup/startup_stm32.o
                                         0x5c (size before relaxing)

.comment        0x0000000000000000       0x7f
 .comment       0x0000000000000000       0x7f FreeRTOS/Source/list.o
                                         0x80 (size before relaxing)
 .comment       0x000000000000007f       0x80 FreeRTOS/Source/queue.o
 .comment       0x000000000000007f       0x80 FreeRTOS/Source/tasks.o
 .comment       0x000000000000007f       0x80 FreeRTOS/Source/timers.o
 .comment       0x000000000000007f       0x80 FreeRTOS/Source/portable/GCC/ARM_CM4F/port.o
 .comment       0x000000000000007f       0x80 FreeRTOS/Source/portable/MemMang/heap_4.o
 .comment       0x000000000000007f       0x80 src/main.o

.debug_frame    0x0000000000000000     0x16b8
 .debug_frame   0x0000000000000000       0xd8 FreeRTOS/Source/list.o
 .debug_frame   0x00000000000000d8      0x530 FreeRTOS/Source/queue.o
 .debug_frame   0x0000000000000608      0x854 FreeRTOS/Source/tasks.o
 .debug_frame   0x0000000000000e5c      0x368 FreeRTOS/Source/timers.o
 .debug_frame   0x00000000000011c4      0x1a8 FreeRTOS/Source/portable/GCC/ARM_CM4F/port.o
 .debug_frame   0x000000000000136c      0x108 FreeRTOS/Source/portable/MemMang/heap_4.o
 .debug_frame   0x0000000000001474       0x4c src/main.o
 .debug_frame   0x00000000000014c0       0x2c /home/michal/Ac6/SystemWorkbench/plugins/fr.ac6.mcu.externaltools.arm-none.linux64_1.17.0.201812190825/tools/compiler/bin/../lib/gcc/arm-none-eabi/7.3.1/../../../../arm-none-eabi/lib/thumb/v7e-m/fpv4-sp/hard/libc.a(lib_a-init.o)
 .debug_frame   0x00000000000014ec       0x38 /home/michal/Ac6/SystemWorkbench/plugins/fr.ac6.mcu.externaltools.arm-none.linux64_1.17.0.201812190825/tools/compiler/bin/../lib/gcc/arm-none-eabi/7.3.1/../../../../arm-none-eabi/lib/thumb/v7e-m/fpv4-sp/hard/libc.a(lib_a-memset.o)
 .debug_frame   0x0000000000001524       0x5c /home/michal/Ac6/SystemWorkbench/plugins/fr.ac6.mcu.externaltools.arm-none.linux64_1.17.0.201812190825/tools/compiler/bin/../lib/gcc/arm-none-eabi/7.3.1/../../../../arm-none-eabi/lib/thumb/v7e-m/fpv4-sp/hard/libc.a(lib_a-__call_atexit.o)
 .debug_frame   0x0000000000001580       0x20 /home/michal/Ac6/SystemWorkbench/plugins/fr.ac6.mcu.externaltools.arm-none.linux64_1.17.0.201812190825/tools/compiler/bin/../lib/gcc/arm-none-eabi/7.3.1/../../../../arm-none-eabi/lib/thumb/v7e-m/fpv4-sp/hard/libc.a(lib_a-atexit.o)
 .debug_frame   0x00000000000015a0       0x34 /home/michal/Ac6/SystemWorkbench/plugins/fr.ac6.mcu.externaltools.arm-none.linux64_1.17.0.201812190825/tools/compiler/bin/../lib/gcc/arm-none-eabi/7.3.1/../../../../arm-none-eabi/lib/thumb/v7e-m/fpv4-sp/hard/libc.a(lib_a-fini.o)
 .debug_frame   0x00000000000015d4       0xb0 /home/michal/Ac6/SystemWorkbench/plugins/fr.ac6.mcu.externaltools.arm-none.linux64_1.17.0.201812190825/tools/compiler/bin/../lib/gcc/arm-none-eabi/7.3.1/../../../../arm-none-eabi/lib/thumb/v7e-m/fpv4-sp/hard/libc.a(lib_a-lock.o)
 .debug_frame   0x0000000000001684       0x34 /home/michal/Ac6/SystemWorkbench/plugins/fr.ac6.mcu.externaltools.arm-none.linux64_1.17.0.201812190825/tools/compiler/bin/../lib/gcc/arm-none-eabi/7.3.1/../../../../arm-none-eabi/lib/thumb/v7e-m/fpv4-sp/hard/libc.a(lib_a-__atexit.o)
